Переименован файл: Ronald Weasley.txt -> Aleksandr Ryzhoff.txt
Переименован файл: The Burrow.txt -> The Metro.txt
Переименован файл: Rubeus Hagrid.txt -> Ruben Makoff.txt
Переименован файл: James Potter.txt -> Stepan Foster.txt
Переименован файл: Hermione Granger.txt -> Georgina Ginger.txt
Переименован файл: Sirius Black.txt -> Maxim Cherniy.txt
Переименован файл: Hogsmeade.txt -> Stanknear.txt
Переименован файл: Death Eaters.txt -> Gluttons.txt
Переименован файл: Godric's Hollow.txt -> Smaug's Hollow.txt
Переименован файл: Horcrux.txt -> EmoBackup.txt
Переименован файл: Patronus Charm.txt -> BingeGuard Protocol.txt
Переименован файл: Ministry of Magic.txt -> Ministry of coding.txt
Переименован файл: Hogwarts.txt -> Stankin.txt
Переименован файл: Tom Riddle.txt -> Mark Petroff.txt
Переименован файл: Azkaban.txt -> Bytyirka.txt
Переименован файл: Harry Potter.txt -> Igor Foster.txt
Переименован файл: Gryffindor.txt -> Muffinhold.txt
Переименован файл: Sorting Hat.txt -> Load Balancer.txt
Переименован файл: Draco Malfoy.txt -> Nikita Bigoff.txt
Переименован файл: Order of the Phoenix.txt -> Suicide Squad.txt
Переименован файл: Hufflepuff.txt -> Bufferdump.txt
Переименован файл: Severus Snape.txt -> Semen Snow.txt
Переименован файл: Minerva McGonagall.txt -> Elena Makoff.txt
Переименован файл: Quidditch.txt -> Football.txt
Переименован файл: Slytherin.txt -> Barhold.txt
Переименован файл: Diagon Alley.txt -> Linden Street.txt
Переименован файл: Golden Snitch.txt -> Golden ball.txt
Переименован файл: Dumbledore's Army.txt -> Novak's Army.txt
Переименован файл: Albus Dumbledore.txt -> Albert Novak.txt
Переименован файл: Lily Potter.txt -> Olga Foster.txt
Переименован файл: Elder Wand.txt -> Wireless Mjolnir.txt
Переименован файл: Ravenclaw.txt -> Mahsraw.txt
Переименован файл: Marauder's Map.txt -> Hooligan's Map.txt